// Vitest Snapshot v1, https://vitest.dev/guide/snapshot.html

exports[`TraceMemo manifest > matches the baseline snapshot 1`] = `
{
  "action": {
    "default_icon": {
      "128": "icon-128.png",
      "16": "icon-16.png",
      "32": "icon-32.png",
      "48": "icon-48.png",
    },
    "default_title": "__MSG_openSidePanel__",
  },
  "background": {
    "service_worker": "background.js",
    "type": "module",
  },
  "content_scripts": [
    {
      "js": [
        "content/all.iife.js",
      ],
      "matches": [
        "https://etherscan.io/*",
        "https://basescan.org/*",
        "https://polygonscan.com/*",
        "https://bscscan.com/*",
        "https://arbiscan.io/*",
      ],
      "run_at": "document_idle",
    },
  ],
  "default_locale": "en",
  "description": "__MSG_extensionDescription__",
  "host_permissions": [
    "https://etherscan.io/*",
    "https://basescan.org/*",
    "https://polygonscan.com/*",
    "https://bscscan.com/*",
    "https://arbiscan.io/*",
  ],
  "icons": {
    "128": "icon-128.png",
    "16": "icon-16.png",
    "32": "icon-32.png",
    "48": "icon-48.png",
  },
  "manifest_version": 3,
  "minimum_chrome_version": "116",
  "name": "__MSG_extensionName__",
  "optional_host_permissions": [
    "<all_urls>",
  ],
  "permissions": [
    "storage",
    "sidePanel",
    "activeTab",
    "scripting",
  ],
  "side_panel": {
    "default_path": "side-panel/index.html",
  },
  "version": "0.5.0",
}
`;
